// Jest Snapshot v1, https://goo.gl/fbAQLP

exports[`it should render correctly 1`] = `
<div
  className="container header"
>
  <h1
    className="brand-name"
  >
    Math Magicians
  </h1>
  <nav>
    <a
      aria-current="page"
      className="nav-link home-btn active"
      href="/"
      onClick={[Function]}
      style={Object {}}
    >
      Home
    </a>
    <a
      aria-current={null}
      className="nav-link"
      href="/calculator"
      onClick={[Function]}
    >
      Calculator
    </a>
    <a
      aria-current={null}
      className="nav-link"
      href="/quote"
      onClick={[Function]}
    >
      Quote
    </a>
  </nav>
</div>
`;
